// Jest Snapshot v1, https://goo.gl/fbAQLP

exports[`EmptyState Snapshot matches snapshot 1`] = `
<div
  class="flex flex-col items-center justify-center rounded-lg border border-dashed border-border p-8 text-center"
>
  <div
    class="flex h-16 w-16 items-center justify-center rounded-full bg-muted"
  >
    <svg
      aria-hidden="true"
      class="lucide lucide-folder-open h-8 w-8 text-muted-foreground"
      fill="none"
      height="24"
      stroke="currentColor"
      stroke-linecap="round"
      stroke-linejoin="round"
      stroke-width="2"
      viewBox="0 0 24 24"
      width="24"
      xmlns="http://www.w3.org/2000/svg"
    >
      <path
        d="m6 14 1.5-2.9A2 2 0 0 1 9.24 10H20a2 2 0 0 1 1.94 2.5l-1.54 6a2 2 0 0 1-1.95 1.5H4a2 2 0 0 1-2-2V5a2 2 0 0 1 2-2h3.9a2 2 0 0 1 1.69.9l.81 1.2a2 2 0 0 0 1.67.9H18a2 2 0 0 1 2 2v2"
      />
    </svg>
  </div>
  <h3
    class="mt-4 text-lg font-semibold"
  >
    TODO
  </h3>
</div>
`;
