// Jest Snapshot v1, https://goo.gl/fbAQLP

exports[`Select Snapshot matches snapshot 1`] = `
<div
  class="w-full"
>
  <div
    class="relative"
  >
    <select
      aria-invalid="false"
      class="flex h-10 w-full appearance-none rounded-md border border-input bg-background px-3 py-2 text-sm ring-offset-background focus-visible:outline-none focus-visible:ring-2 focus-visible:ring-ring focus-visible:ring-offset-2 disabled:cursor-not-allowed disabled:opacity-50 pr-10"
    />
    <svg
      aria-hidden="true"
      class="lucide lucide-chevron-down absolute right-3 top-1/2 h-4 w-4 -translate-y-1/2 text-muted-foreground pointer-events-none"
      fill="none"
      height="24"
      stroke="currentColor"
      stroke-linecap="round"
      stroke-linejoin="round"
      stroke-width="2"
      viewBox="0 0 24 24"
      width="24"
      xmlns="http://www.w3.org/2000/svg"
    >
      <path
        d="m6 9 6 6 6-6"
      />
    </svg>
  </div>
</div>
`;
